Microchip MPLAB XC8 Compiler V2.45

Linker command line:

-W-3 \
  --edf=C:\Program Files\Microchip\xc8\v2.45\pic\dat\20230818022343_en.msgs \
  -cn -h+dist/default/debug\PL3_G11_SISTEMA_DE_COMBUSTAO.X.debug.sym \
  --cmf=dist/default/debug\PL3_G11_SISTEMA_DE_COMBUSTAO.X.debug.cmf -z \
  -Q18F45K22 \
  -oC:\Users\PAULOS~1\AppData\Local\Temp\xcAs10js.\driver_tmp_3.o \
  --defsym=__MPLAB_BUILD=1 --fixupoverflow=error \
  -Mdist/default/debug/PL3_G11_SISTEMA_DE_COMBUSTAO.X.debug.map \
  --md=C:\Users\PAULOS~1\AppData\Local\Temp\xcAs10js.\driver_tmp_0.dat -E1 \
  -ver=XC8 Compiler --acfsm=1493 -ACODE=00h-07FFFh -ACONST=00h-07FFFh \
  -ASMALLCONST=0600h-06FFhx122 -AMEDIUMCONST=0600h-07FFFh -ACOMRAM=01h-05Fh \
  -AABS1=00h-05FFh -ABIGRAM=01h-05FFh -ARAM=060h-0FFh,0100h-01FFhx5 \
  -ABANK0=060h-0FFh -ABANK1=0100h-01FFh -ABANK2=0200h-02FFh \
  -ABANK3=0300h-03FFh -ABANK4=0400h-04FFh -ABANK5=0500h-05FFh \
  -ASFR=0F38h-0F5Fh,0F60h-0FFFh -ABIGSFR=0F38h-0FFFh \
  -ACONFIG=0300000h-030000Dh -AIDLOC=0200000h-0200007h \
  -AEEDATA=0F00000h-0F000FFh -peeprom_data=EEDATA \
  -preset_vec=00h,intcode=08h,intcodelo=018h,powerup,init -pramtop=0600h \
  -psmallconst=SMALLCONST -pmediumconst=MEDIUMCONST -pconst=CONST \
  -AFARRAM=00h-00h \
  -prdata=COMRAM,nvrram=COMRAM,nvbit=COMRAM,rbss=COMRAM,rbit=COMRAM \
  -pfarbss=FARRAM,fardata=FARRAM,nvFARRAM=FARRAM \
  -pintsave_regs=BIGRAM,bigbss=BIGRAM,bigdata=BIGRAM -pbss=RAM \
  -pidata=CODE,irdata=CODE,ibigdata=CODE,ifardata=CODE -prparam=COMRAM \
  C:\Users\PAULOS~1\AppData\Local\Temp\xcAs10js.\driver_tmp_9.o \
  dist/default/debug\PL3_G11_SISTEMA_DE_COMBUSTAO.X.debug.o 

Object code version is 3.11

Machine type is 18F45K22



                Name                               Link     Load   Length Selector   Space Scale
C:\Users\PAULOS~1\AppData\Local\Temp\xcAs10js.\driver_tmp_9.o
                idloc                            200000   200000        8        0       5
                config                           300000   300000        E        0       4
                init                                 8A       8A        4        C       0
                reset_vec                             0        0        4        0       0
dist/default/debug\PL3_G11_SISTEMA_DE_COMBUSTAO.X.debug.o
                intcodelo                            18       18       72        C       0
                intcode                               8        8        6        4       0
                idloc                            200000   200000        8        0       5
                config                           300000   300000        E        0       4
                temp                                 51       51        1        1       1
                smallconst                          600      600        2      300       0
                text37                             19F2     19F2       1A      301       0
                text36                             1AC8     1AC8        2      301       0
                text35                             1908     1908       30      301       0
                text34                             1AB0     1AB0        8      301       0
                text33                             1ABC     1ABC        4      301       0
                text32                             1962     1962       28      301       0
                text31                             1AB8     1AB8        4      301       0
                text30                             1AA8     1AA8        8      301       0
                text29                             1AC6     1AC6        2      301       0
                text28                             1828     1828       3E      301       0
                intcode_body                       170A     170A       80      301       0
                text26                             1A38     1A38       14      301       0
                text25                             1A4C     1A4C       12      301       0
                text24                             1AC4     1AC4        2      301       0
                text23                             18D6     18D6       32      301       0
                text22                             198A     198A       26      301       0
                text21                             1AC2     1AC2        2      301       0
                text20                             1866     1866       3A      301       0
                text18                             1A0C     1A0C       18      301       0
                text17                             1A96     1A96        A      301       0
                text16                             19B0     19B0       24      301       0
                text15                             1A8C     1A8C        A      301       0
                text14                             1A24     1A24       14      301       0
                text13                             1A6C     1A6C        C      301       0
                text12                             1A5E     1A5E        E      301       0
                text11                             17E8     17E8       40      301       0
                text10                             1A82     1A82        A      301       0
                text9                              18A0     18A0       36      301       0
                text8                              1A78     1A78        A      301       0
                text7                              1938     1938       2A      301       0
                text6                              19D4     19D4       1E      301       0
                text5                               602      602      4C2      301       0
                text4                               EEE      EEE      39C      301       0
                text3                               AC4      AC4      42A      301       0
                text2                              1602     1602      108      301       0
                text1                              144E     144E      1B4      301       0
                text0                              128A     128A      1C4      301       0
                cstackCOMRAM                          1        1       40        1       1
                cstackBANK0                          60       60        E       60       1
                dataBANK0                            7E       7E        8       60       1
                bssBANK0                             76       76        8       60       1
                dataCOMRAM                           4F       4F        2        1       1
                bssCOMRAM                            41       41        E        1       1
                cinit                              178A     178A       5E      301       0
                nvBANK0                              6E       6E        8       60       1
                idataBANK0                         1AA0     1AA0        8      301       0
                idataCOMRAM                        1AC0     1AC0        2      301       0

TOTAL           Name                               Link     Load   Length     Space
        CLASS   CODE           
                intcodelo                            18       18       72         0
                intcode                               8        8        6         0
                init                                 8A       8A        4         0
                reset_vec                             0        0        4         0
                text37                             19F2     19F2       1A         0
                text36                             1AC8     1AC8        2         0
                text35                             1908     1908       30         0
                text34                             1AB0     1AB0        8         0
                text33                             1ABC     1ABC        4         0
                text32                             1962     1962       28         0
                text31                             1AB8     1AB8        4         0
                text30                             1AA8     1AA8        8         0
                text29                             1AC6     1AC6        2         0
                text28                             1828     1828       3E         0
                intcode_body                       170A     170A       80         0
                text26                             1A38     1A38       14         0
                text25                             1A4C     1A4C       12         0
                text24                             1AC4     1AC4        2         0
                text23                             18D6     18D6       32         0
                text22                             198A     198A       26         0
                text21                             1AC2     1AC2        2         0
                text20                             1866     1866       3A         0
                text18                             1A0C     1A0C       18         0
                text17                             1A96     1A96        A         0
                text16                             19B0     19B0       24         0
                text15                             1A8C     1A8C        A         0
                text14                             1A24     1A24       14         0
                text13                             1A6C     1A6C        C         0
                text12                             1A5E     1A5E        E         0
                text11                             17E8     17E8       40         0
                text10                             1A82     1A82        A         0
                text9                              18A0     18A0       36         0
                text8                              1A78     1A78        A         0
                text7                              1938     1938       2A         0
                text6                              19D4     19D4       1E         0
                text5                               602      602      4C2         0
                text4                               EEE      EEE      39C         0
                text3                               AC4      AC4      42A         0
                text2                              1602     1602      108         0
                text1                              144E     144E      1B4         0
                text0                              128A     128A      1C4         0
                cinit                              178A     178A       5E         0
                idataBANK0                         1AA0     1AA0        8         0
                idataCOMRAM                        1AC0     1AC0        2         0

        CLASS   CONST          

        CLASS   SMALLCONST     
                smallconst                          600      600        2         0

        CLASS   MEDIUMCONST    

        CLASS   COMRAM         
                temp                                 51       51        1         1
                cstackCOMRAM                          1        1       40         1
                dataCOMRAM                           4F       4F        2         1
                bssCOMRAM                            41       41        E         1

        CLASS   ABS1           

        CLASS   BIGRAM         

        CLASS   RAM            

        CLASS   BANK0          
                cstackBANK0                          60       60        E         1
                dataBANK0                            7E       7E        8         1
                bssBANK0                             76       76        8         1
                nvBANK0                              6E       6E        8         1

        CLASS   BANK1          

        CLASS   BANK2          

        CLASS   BANK3          

        CLASS   BANK4          

        CLASS   BANK5          

        CLASS   SFR            

        CLASS   BIGSFR         

        CLASS   CONFIG         
                config                           300000   300000        E         4

        CLASS   IDLOC          
                idloc                            200000   200000        8         5

        CLASS   EEDATA         

        CLASS   FARRAM         

        CLASS   HEAP           

        CLASS   STACK          



SEGMENTS        Name                           Load    Length   Top    Selector   Space  Class

                reset_vec                      000000  000004  000004         0       0  CODE    
                cstackCOMRAM                   000001  000051  000052         1       1  COMRAM  
                intcode                        000008  000006  00000E         4       0  CODE    
                intcodelo                      000018  000076  00008E         C       0  CODE    
                cstackBANK0                    000060  000026  000086        60       1  BANK0   
                smallconst                     000600  000002  000602       300       0  SMALLCON
                text5                          000602  0014C8  001ACA       301       0  CODE    


UNUSED ADDRESS RANGES

        Name                Unused          Largest block    Delta
        BANK0            000086-0000FF               7A
        BANK1            000100-0001FF              100
        BANK2            000200-0002FF              100
        BANK3            000300-0003FF              100
        BANK4            000400-0004FF              100
        BANK5            000500-0005FF              100
        BIGRAM           000052-00005F                E
                         000086-0005FF              57A
        BIGSFR           000F38-000FFF               C8
        CODE             000004-000007                4
                         00000E-000017                A
                         00008E-0005FF              572
                         001ACA-007FFF             6536
        COMRAM           000052-00005F                E
        CONST            000004-000007                4
                         00000E-000017                A
                         00008E-0005FF              572
                         001ACA-007FFF             6536
        EEDATA           F00000-F000FF              100
        MEDIUMCONST      001ACA-007FFF             6536
        RAM              000086-0005FF              100
        SFR              000F38-000FFF               28
        SMALLCONST       001ACA-007FFF              100

                                  Symbol Table

?_ADC_GetConversionResult                 cstackCOMRAM 000005
?___fladd                                 cstackCOMRAM 000035
?___fldiv                                 cstackCOMRAM 000035
?___flmul                                 cstackCOMRAM 00001C
?___fltol                                 cstackBANK0  000064
?___xxtofl                                cstackCOMRAM 00000E
ADC_SelectChannel@channel                 cstackCOMRAM 00000F
ADC_SetInterruptHandler@InterruptHandler  cstackCOMRAM 00000E
INT0_SetInterruptHandler@InterruptHandler cstackCOMRAM 00000E
TMR0_SetInterruptHandler@InterruptHandler cstackCOMRAM 00000E
TMR1_SetInterruptHandler@InterruptHandler cstackCOMRAM 00000E
TMR1_WriteTimer@timerVal                  cstackCOMRAM 000001
_ADCON0                                   (abs)        000FC2
_ADCON0bits                               (abs)        000FC2
_ADCON1                                   (abs)        000FC1
_ADCON2                                   (abs)        000FC0
_ADC_DefaultInterruptHandler              text24       001AC4
_ADC_GetConversionResult                  text26       001A38
_ADC_ISR                                  text23       0018D6
_ADC_Initialize                           text16       0019B0
_ADC_InterruptHandler                     nvBANK0      000072
_ADC_SelectChannel                        text18       001A0C
_ADC_SetInterruptHandler                  text17       001A96
_ADC_StartConversion                      text31       001AB8
_ADRESH                                   (abs)        000FC4
_ADRESL                                   (abs)        000FC3
_ANSELA                                   (abs)        000F38
_ANSELB                                   (abs)        000F39
_ANSELC                                   (abs)        000F3A
_ANSELD                                   (abs)        000F3B
_ANSELE                                   (abs)        000F3C
_EXT_INT_Initialize                       text14       001A24
_INT0_CallBack                            text35       001908
_INT0_DefaultInterruptHandler             text36       001AC8
_INT0_ISR                                 text34       001AB0
_INT0_InterruptHandler                    nvBANK0      000074
_INT0_SetInterruptHandler                 text15       001A8C
_INTCON2bits                              (abs)        000FF1
_INTCONbits                               (abs)        000FF2
_INTERRUPT_Initialize                     text13       001A6C
_INTERRUPT_InterruptManagerHigh           intcode      000008
_INTERRUPT_InterruptManagerLow            intcodelo    000018
_IPR1bits                                 (abs)        000F9F
_LATA                                     (abs)        000F89
_LATAbits                                 (abs)        000F89
_LATB                                     (abs)        000F8A
_LATC                                     (abs)        000F8B
_LATD                                     (abs)        000F8C
_LATE                                     (abs)        000F8D
_OSCCON                                   (abs)        000FD3
_OSCCON2                                  (abs)        000FD2
_OSCILLATOR_Initialize                    text12       001A5E
_OSCTUNE                                  (abs)        000F9B
_PIE1bits                                 (abs)        000F9D
_PIN_MANAGER_IOC                          text33       001ABC
_PIN_MANAGER_Initialize                   text11       0017E8
_PIR1bits                                 (abs)        000F9E
_RCONbits                                 (abs)        000FD0
_SYSTEM_Initialize                        text6        0019D4
_T0CON                                    (abs)        000FD5
_T0CONbits                                (abs)        000FD5
_T1CON                                    (abs)        000FCD
_T1CONbits                                (abs)        000FCD
_T1GCON                                   (abs)        000FCC
_T1GCONbits                               (abs)        000FCC
_TMR0H                                    (abs)        000FD7
_TMR0L                                    (abs)        000FD6
_TMR0_DefaultInterruptHandler             text21       001AC2
_TMR0_ISR                                 text20       001866
_TMR0_Initialize                          text9        0018A0
_TMR0_InterruptHandler                    nvBANK0      000070
_TMR0_SetInterruptHandler                 text10       001A82
_TMR1                                     (abs)        000FCE
_TMR1H                                    (abs)        000FCF
_TMR1L                                    (abs)        000FCE
_TMR1_DefaultInterruptHandler             text29       001AC6
_TMR1_ISR                                 text28       001828
_TMR1_Initialize                          text7        001938
_TMR1_InterruptHandler                    nvBANK0      00006E
_TMR1_SetInterruptHandler                 text8        001A78
_TMR1_WriteTimer                          text32       001962
_TRISA                                    (abs)        000F92
_TRISB                                    (abs)        000F93
_TRISC                                    (abs)        000F94
_TRISD                                    (abs)        000F95
_TRISE                                    (abs)        000F96
_WPUB                                     (abs)        000F61
__HRAM                                    (abs)        000000
__H__absolute__                           __absolute__ 000000
__Habs1                                   abs1         000000
__Hbank0                                  bank0        000000
__Hbank1                                  bank1        000000
__Hbank2                                  bank2        000000
__Hbank3                                  bank3        000000
__Hbank4                                  bank4        000000
__Hbank5                                  bank5        000000
__Hbigbss                                 bigbss       000000
__Hbigdata                                bigdata      000000
__Hbigram                                 bigram       000000
__Hbigsfr                                 bigsfr       000000
__Hbss                                    bss          000000
__HbssBANK0                               bssBANK0     000000
__HbssCOMRAM                              bssCOMRAM    000000
__Hcinit                                  cinit        000000
__Hclrtext                                clrtext      000000
__Hcomram                                 comram       000000
__Hconfig                                 config       30000E
__Hconst                                  const        000000
__HcstackBANK0                            cstackBANK0  000000
__HcstackCOMRAM                           cstackCOMRAM 000000
__Hdata                                   data         000000
__HdataBANK0                              dataBANK0    000000
__HdataCOMRAM                             dataCOMRAM   000000
__Heeprom_data                            eeprom_data  000000
__Hfarbss                                 farbss       000000
__Hfardata                                fardata      000000
__Hheap                                   heap         000000
__Hibigdata                               ibigdata     000000
__Hidata                                  idata        000000
__HidataBANK0                             idataBANK0   000000
__HidataCOMRAM                            idataCOMRAM  000000
__Hidloc                                  idloc        200008
__Hifardata                               ifardata     000000
__Hinit                                   init         00008E
__Hintcode                                intcode      00000E
__Hintcode_body                           intcode_body 000000
__Hintcodelo                              intcodelo    00008A
__Hintentry                               intentry     000000
__Hintret                                 intret       000000
__Hintsave_regs                           intsave_regs 000000
__Hirdata                                 irdata       000000
__Hmediumconst                            mediumconst  000000
__HnvBANK0                                nvBANK0      000000
__HnvFARRAM                               nvFARRAM     000000
__Hnvbit                                  nvbit        000000
__Hnvrram                                 nvrram       000000
__Hparam                                  rparam       000000
__Hpowerup                                powerup      00008A
__Hram                                    ram          000000
__Hramtop                                 ramtop       000600
__Hrbit                                   rbit         000000
__Hrbss                                   rbss         000000
__Hrdata                                  rdata        000000
__Hreset_vec                              reset_vec    000004
__Hrparam                                 rparam       000000
__Hsfr                                    sfr          000000
__Hsmallconst                             smallconst   000602
__Hspace_0                                (abs)        001ACA
__Hspace_1                                (abs)        000086
__Hspace_2                                (abs)        000000
__Hspace_4                                (abs)        60000E
__Hstack                                  stack        000000
__Hstruct                                 struct       000000
__Htemp                                   temp         000052
__Htext                                   text         000000
__Htext0                                  text0        000000
__Htext1                                  text1        000000
__Htext10                                 text10       000000
__Htext11                                 text11       000000
__Htext12                                 text12       000000
__Htext13                                 text13       000000
__Htext14                                 text14       000000
__Htext15                                 text15       000000
__Htext16                                 text16       000000
__Htext17                                 text17       000000
__Htext18                                 text18       000000
__Htext2                                  text2        000000
__Htext20                                 text20       000000
__Htext21                                 text21       000000
__Htext22                                 text22       000000
__Htext23                                 text23       000000
__Htext24                                 text24       000000
__Htext25                                 text25       000000
__Htext26                                 text26       000000
__Htext28                                 text28       000000
__Htext29                                 text29       000000
__Htext3                                  text3        000000
__Htext30                                 text30       000000
__Htext31                                 text31       000000
__Htext32                                 text32       000000
__Htext33                                 text33       000000
__Htext34                                 text34       000000
__Htext35                                 text35       000000
__Htext36                                 text36       000000
__Htext37                                 text37       000000
__Htext38                                 text38       000000
__Htext4                                  text4        000000
__Htext5                                  text5        000000
__Htext6                                  text6        000000
__Htext7                                  text7        000000
__Htext8                                  text8        000000
__Htext9                                  text9        000000
__LRAM                                    (abs)        000001
__L__absolute__                           __absolute__ 000000
__Labs1                                   abs1         000000
__Lbank0                                  bank0        000000
__Lbank1                                  bank1        000000
__Lbank2                                  bank2        000000
__Lbank3                                  bank3        000000
__Lbank4                                  bank4        000000
__Lbank5                                  bank5        000000
__Lbigbss                                 bigbss       000000
__Lbigdata                                bigdata      000000
__Lbigram                                 bigram       000000
__Lbigsfr                                 bigsfr       000000
__Lbss                                    bss          000000
__LbssBANK0                               bssBANK0     000000
__LbssCOMRAM                              bssCOMRAM    000000
__Lcinit                                  cinit        000000
__Lclrtext                                clrtext      000000
__Lcomram                                 comram       000000
__Lconfig                                 config       000000
__Lconst                                  const        000000
__LcstackBANK0                            cstackBANK0  000000
__LcstackCOMRAM                           cstackCOMRAM 000000
__Ldata                                   data         000000
__LdataBANK0                              dataBANK0    000000
__LdataCOMRAM                             dataCOMRAM   000000
__Leeprom_data                            eeprom_data  000000
__Lfarbss                                 farbss       000000
__Lfardata                                fardata      000000
__Lheap                                   heap         000000
__Libigdata                               ibigdata     000000
__Lidata                                  idata        000000
__LidataBANK0                             idataBANK0   000000
__LidataCOMRAM                            idataCOMRAM  000000
__Lidloc                                  idloc        000000
__Lifardata                               ifardata     000000
__Linit                                   init         00008A
__Lintcode                                intcode      000008
__Lintcode_body                           intcode_body 000000
__Lintcodelo                              intcodelo    000018
__Lintentry                               intentry     000000
__Lintret                                 intret       000000
__Lintsave_regs                           intsave_regs 000000
__Lirdata                                 irdata       000000
__Lmediumconst                            mediumconst  000000
__LnvBANK0                                nvBANK0      000000
__LnvFARRAM                               nvFARRAM     000000
__Lnvbit                                  nvbit        000000
__Lnvrram                                 nvrram       000000
__Lparam                                  rparam       000000
__Lpowerup                                powerup      00008A
__Lram                                    ram          000000
__Lramtop                                 ramtop       000600
__Lrbit                                   rbit         000000
__Lrbss                                   rbss         000000
__Lrdata                                  rdata        000000
__Lreset_vec                              reset_vec    000000
__Lrparam                                 rparam       000000
__Lsfr                                    sfr          000000
__Lsmallconst                             smallconst   000600
__Lspace_0                                (abs)        000000
__Lspace_1                                (abs)        000000
__Lspace_2                                (abs)        000000
__Lspace_4                                (abs)        000000
__Lstack                                  stack        000000
__Lstruct                                 struct       000000
__Ltemp                                   temp         000051
__Ltext                                   text         000000
__Ltext0                                  text0        000000
__Ltext1                                  text1        000000
__Ltext10                                 text10       000000
__Ltext11                                 text11       000000
__Ltext12                                 text12       000000
__Ltext13                                 text13       000000
__Ltext14                                 text14       000000
__Ltext15                                 text15       000000
__Ltext16                                 text16       000000
__Ltext17                                 text17       000000
__Ltext18                                 text18       000000
__Ltext2                                  text2        000000
__Ltext20                                 text20       000000
__Ltext21                                 text21       000000
__Ltext22                                 text22       000000
__Ltext23                                 text23       000000
__Ltext24                                 text24       000000
__Ltext25                                 text25       000000
__Ltext26                                 text26       000000
__Ltext28                                 text28       000000
__Ltext29                                 text29       000000
__Ltext3                                  text3        000000
__Ltext30                                 text30       000000
__Ltext31                                 text31       000000
__Ltext32                                 text32       000000
__Ltext33                                 text33       000000
__Ltext34                                 text34       000000
__Ltext35                                 text35       000000
__Ltext36                                 text36       000000
__Ltext37                                 text37       000000
__Ltext38                                 text38       000000
__Ltext4                                  text4        000000
__Ltext5                                  text5        000000
__Ltext6                                  text6        000000
__Ltext7                                  text7        000000
__Ltext8                                  text8        000000
__Ltext9                                  text9        000000
__S0                                      (abs)        001ACA
__S1                                      (abs)        000086
__S4                                      (abs)        000000
__S5                                      (abs)        000000
___fladd                                  text5        000602
___fladd@a                                cstackCOMRAM 000039
___fladd@aexp                             cstackBANK0  000061
___fladd@b                                cstackCOMRAM 000035
___fladd@bexp                             cstackBANK0  000062
___fladd@grs                              cstackBANK0  000063
___fladd@signs                            cstackBANK0  000060
___fldiv                                  text4        000EEE
___fldiv@a                                cstackCOMRAM 000039
___fldiv@aexp                             cstackBANK0  00006C
___fldiv@b                                cstackCOMRAM 000035
___fldiv@bexp                             cstackBANK0  00006B
___fldiv@grs                              cstackBANK0  000067
___fldiv@new_exp                          cstackBANK0  000065
___fldiv@rem                              cstackBANK0  000060
___fldiv@sign                             cstackBANK0  000064
___flmul                                  text3        000AC4
___flmul@a                                cstackCOMRAM 000020
___flmul@aexp                             cstackCOMRAM 00002D
___flmul@b                                cstackCOMRAM 00001C
___flmul@bexp                             cstackCOMRAM 00002E
___flmul@grs                              cstackCOMRAM 000029
___flmul@prod                             cstackCOMRAM 00002F
___flmul@sign                             cstackCOMRAM 000028
___flmul@temp                             cstackCOMRAM 000033
___fltol                                  text2        001602
___fltol@exp1                             cstackBANK0  00006D
___fltol@f1                               cstackBANK0  000064
___fltol@sign1                            cstackBANK0  00006C
___heap_hi                                (abs)        000000
___heap_lo                                (abs)        000000
___inthi_sp                               stack        000000
___inthi_stack_hi                         stack        000000
___inthi_stack_lo                         stack        000000
___intlo_sp                               stack        000000
___intlo_stack_hi                         stack        000000
___intlo_stack_lo                         stack        000000
___param_bank                             (abs)        000000
___rparam_used                            (abs)        000001
___sp                                     stack        000000
___stack_hi                               stack        000000
___stack_lo                               stack        000000
___xxtofl                                 text1        00144E
___xxtofl@arg                             cstackCOMRAM 000018
___xxtofl@exp                             cstackCOMRAM 000017
___xxtofl@sign                            cstackCOMRAM 000016
___xxtofl@val                             cstackCOMRAM 00000E
__accesstop                               (abs)        000060
__activetblptr                            (abs)        000002
__end_of_ADC_DefaultInterruptHandler      text24       001AC6
__end_of_ADC_GetConversionResult          text26       001A4C
__end_of_ADC_ISR                          text23       001908
__end_of_ADC_Initialize                   text16       0019D4
__end_of_ADC_SelectChannel                text18       001A24
__end_of_ADC_SetInterruptHandler          text17       001AA0
__end_of_ADC_StartConversion              text31       001ABC
__end_of_EXT_INT_Initialize               text14       001A38
__end_of_INT0_CallBack                    text35       001938
__end_of_INT0_DefaultInterruptHandler     text36       001ACA
__end_of_INT0_ISR                         text34       001AB8
__end_of_INT0_SetInterruptHandler         text15       001A96
__end_of_INTERRUPT_Initialize             text13       001A78
__end_of_INTERRUPT_InterruptManagerHigh   intcode_body 00178A
__end_of_INTERRUPT_InterruptManagerLow    intcodelo    00008A
__end_of_OSCILLATOR_Initialize            text12       001A6C
__end_of_PIN_MANAGER_IOC                  text33       001AC0
__end_of_PIN_MANAGER_Initialize           text11       001828
__end_of_SYSTEM_Initialize                text6        0019F2
__end_of_TMR0_DefaultInterruptHandler     text21       001AC4
__end_of_TMR0_ISR                         text20       0018A0
__end_of_TMR0_Initialize                  text9        0018D6
__end_of_TMR0_SetInterruptHandler         text10       001A8C
__end_of_TMR1_DefaultInterruptHandler     text29       001AC8
__end_of_TMR1_ISR                         text28       001866
__end_of_TMR1_Initialize                  text7        001962
__end_of_TMR1_SetInterruptHandler         text8        001A82
__end_of_TMR1_WriteTimer                  text32       00198A
__end_of___fladd                          text5        000AC4
__end_of___fldiv                          text4        00128A
__end_of___flmul                          text3        000EEE
__end_of___fltol                          text2        00170A
__end_of___xxtofl                         text1        001602
__end_of__initialization                  cinit        0017DA
__end_of_adc_interrupt_handler            text25       001A5E
__end_of_interrupt_handler                text37       001A0C
__end_of_main                             text0        00144E
__end_of_timer0_interrupt_handler         text22       0019B0
__end_of_timer1_interrupt_handler         text30       001AB0
__initialization                          cinit        00178A
__mediumconst                             mediumconst  000000
__pbssBANK0                               bssBANK0     000076
__pbssCOMRAM                              bssCOMRAM    000041
__pcinit                                  cinit        00178A
__pcstackBANK0                            cstackBANK0  000060
__pcstackCOMRAM                           cstackCOMRAM 000001
__pdataBANK0                              dataBANK0    00007E
__pdataCOMRAM                             dataCOMRAM   00004F
__pidataBANK0                             idataBANK0   001AA0
__pidataCOMRAM                            idataCOMRAM  001AC0
__pintcode                                intcode      000008
__pintcode_body                           intcode_body 00170A
__pintcodelo                              intcodelo    000018
__pnvBANK0                                nvBANK0      00006E
__psmallconst                             smallconst   000600
__ptext0                                  text0        00128A
__ptext1                                  text1        00144E
__ptext10                                 text10       001A82
__ptext11                                 text11       0017E8
__ptext12                                 text12       001A5E
__ptext13                                 text13       001A6C
__ptext14                                 text14       001A24
__ptext15                                 text15       001A8C
__ptext16                                 text16       0019B0
__ptext17                                 text17       001A96
__ptext18                                 text18       001A0C
__ptext2                                  text2        001602
__ptext20                                 text20       001866
__ptext21                                 text21       001AC2
__ptext22                                 text22       00198A
__ptext23                                 text23       0018D6
__ptext24                                 text24       001AC4
__ptext25                                 text25       001A4C
__ptext26                                 text26       001A38
__ptext28                                 text28       001828
__ptext29                                 text29       001AC6
__ptext3                                  text3        000AC4
__ptext30                                 text30       001AA8
__ptext31                                 text31       001AB8
__ptext32                                 text32       001962
__ptext33                                 text33       001ABC
__ptext34                                 text34       001AB0
__ptext35                                 text35       001908
__ptext36                                 text36       001AC8
__ptext37                                 text37       0019F2
__ptext38                                 text38       000000
__ptext4                                  text4        000EEE
__ptext5                                  text5        000602
__ptext6                                  text6        0019D4
__ptext7                                  text7        001938
__ptext8                                  text8        001A78
__ptext9                                  text9        0018A0
__ramtop                                  ramtop       000600
__smallconst                              smallconst   000600
_adc_interrupt_handler                    text25       001A4C
_adc_result                               bssCOMRAM    000045
_alarm_disabled                           bssCOMRAM    00004D
_interrupt_handler                        text37       0019F2
_main                                     text0        00128A
_max_presure                              dataCOMRAM   00004F
_min_pressure                             dataCOMRAM   000050
_pressure                                 bssCOMRAM    00004B
_time                                     bssBANK0     000076
_timer0ReloadVal                          bssCOMRAM    000049
_timer0_interrupt_handler                 text22       00198A
_timer1ReloadVal                          bssCOMRAM    000047
_timer1_interrupt_handler                 text30       001AA8
_update                                   bssCOMRAM    00004E
_user_override                            bssCOMRAM    00004C
_voltage                                  bssCOMRAM    000041
btemp                                     temp         000051
end_of_initialization                     cinit        0017DA
int$flags                                 temp         000051
int_func                                  intcode_body 00170A
intlevel0                                 text         000000
intlevel1                                 text         000000
intlevel2                                 text         000000
intlevel3                                 text         000000
isa$std                                   (abs)        000001
isa$xinst                                 (abs)        000000
stackhi                                   (abs)        000000
stacklo                                   (abs)        000000
start                                     init         00008A
start_initialization                      cinit        00178A
ttemp5                                    temp         000052
ttemp6                                    temp         000055
ttemp7                                    temp         000059
wtemp8                                    temp         000052


MODULE INFORMATION

Module		Function		Class		Link	Load	Size
mcc_generated_files/interrupt_manager.c
		_INTERRUPT_Initialize		CODE           	1A6C	0000	12
		_INTERRUPT_InterruptManagerLow		CODE           	0018	0000	114
		_INTERRUPT_InterruptManagerHigh		CODE           	0008	0000	134

mcc_generated_files/interrupt_manager.c estimated size: 260

mcc_generated_files/tmr0.c
		_TMR0_SetInterruptHandler		CODE           	1A82	0000	10
		_TMR0_DefaultInterruptHandler		CODE           	1AC2	0000	2
		_TMR0_ISR      		CODE           	1866	0000	58
		_TMR0_Initialize		CODE           	18A0	0000	54

mcc_generated_files/tmr0.c estimated size: 124

mcc_generated_files/pin_manager.c
		_PIN_MANAGER_Initialize		CODE           	17E8	0000	64
		_PIN_MANAGER_IOC		CODE           	1ABC	0000	4

mcc_generated_files/pin_manager.c estimated size: 68

C:\Program Files\Microchip\xc8\v2.45\pic\sources\c99\common\sprcmul.c
		___flmul       		CODE           	0AC4	0000	1066

C:\Program Files\Microchip\xc8\v2.45\pic\sources\c99\common\sprcmul.c estimated size: 1066

mcc_generated_files/adc.c
		_ADC_DefaultInterruptHandler		CODE           	1AC4	0000	2
		_ADC_Initialize		CODE           	19B0	0000	36
		_ADC_SetInterruptHandler		CODE           	1A96	0000	10
		_ADC_GetConversionResult		CODE           	1A38	0000	20
		_ADC_StartConversion		CODE           	1AB8	0000	4
		_ADC_ISR       		CODE           	18D6	0000	50
		_ADC_SelectChannel		CODE           	1A0C	0000	24

mcc_generated_files/adc.c estimated size: 146

C:\Program Files\Microchip\xc8\v2.45\pic\sources\c99\common\sprcdiv.c
		___fldiv       		CODE           	0EEE	0000	924

C:\Program Files\Microchip\xc8\v2.45\pic\sources\c99\common\sprcdiv.c estimated size: 924

mcc_generated_files/ext_int.c
		_INT0_SetInterruptHandler		CODE           	1A8C	0000	10
		_EXT_INT_Initialize		CODE           	1A24	0000	20
		_INT0_DefaultInterruptHandler		CODE           	1AC8	0000	2
		_INT0_CallBack 		CODE           	1908	0000	48
		_INT0_ISR      		CODE           	1AB0	0000	8

mcc_generated_files/ext_int.c estimated size: 88

shared
		__initialization		CODE           	178A	0000	80

shared estimated size: 80

C:\Program Files\Microchip\xc8\v2.45\pic\sources\c99\common\xxtofl.c
		___xxtofl      		CODE           	144E	0000	436

C:\Program Files\Microchip\xc8\v2.45\pic\sources\c99\common\xxtofl.c estimated size: 436

mcc_generated_files/mcc.c
		_OSCILLATOR_Initialize		CODE           	1A5E	0000	14
		_SYSTEM_Initialize		CODE           	19D4	0000	30

mcc_generated_files/mcc.c estimated size: 44

mcc_generated_files/tmr1.c
		_TMR1_Initialize		CODE           	1938	0000	42
		_TMR1_SetInterruptHandler		CODE           	1A78	0000	10
		_TMR1_DefaultInterruptHandler		CODE           	1AC6	0000	2
		_TMR1_WriteTimer		CODE           	1962	0000	40
		_TMR1_ISR      		CODE           	1828	0000	62

mcc_generated_files/tmr1.c estimated size: 156

C:\Program Files\Microchip\xc8\v2.45\pic\sources\c99\common\sprcadd.c
		___fladd       		CODE           	0602	0000	1218

C:\Program Files\Microchip\xc8\v2.45\pic\sources\c99\common\sprcadd.c estimated size: 1218

main.c
		_main          		CODE           	128A	0000	452
		_timer0_interrupt_handler		CODE           	198A	0000	38
		_timer1_interrupt_handler		CODE           	1AA8	0000	8
		_adc_interrupt_handler		CODE           	1A4C	0000	18
		_interrupt_handler		CODE           	19F2	0000	26

main.c estimated size: 542

C:\Program Files\Microchip\xc8\v2.45\pic\sources\c99\common\fltol.c
		___fltol       		CODE           	1602	0000	264

C:\Program Files\Microchip\xc8\v2.45\pic\sources\c99\common\fltol.c estimated size: 264

